<html>
<body>
<pre>
<h1>µVision Build Log</h1>
<h2>Tool Versions:</h2>
IDE-Version: µVision V5.24.2.0
Copyright (C) 2017 ARM Ltd and ARM Germany GmbH. All rights reserved.
License Information: k k, k, LIC=BL2UH-WMFUB-330M1-CQJHK-0YQS4-JBVSW
 
Tool Versions:
Toolchain:       MDK-ARM Professional  Version: 5.24.1
Toolchain Path:  e:\Keil_v5\ARM\ARMCC\Bin
C Compiler:      Armcc.exe V5.06 update 5 (build 528)
Assembler:       Armasm.exe V5.06 update 5 (build 528)
Linker/Locator:  ArmLink.exe V5.06 update 5 (build 528)
Library Manager: ArmAr.exe V5.06 update 5 (build 528)
Hex Converter:   FromElf.exe V5.06 update 5 (build 528)
CPU DLL:         SARMCM3.DLL V5.24.1
Dialog DLL:      DCM.DLL V1.16.0.0
Target DLL:      STLink\ST-LINKIII-KEIL_SWO.dll V3.0.1.0
Dialog DLL:      TCM.DLL V1.32.0.0
 
<h2>Project:</h2>
C:\Users\Kasra\Desktop\testing\selenoid_test\MDK-ARM\selenoid_test.uvprojx
Project File Date:  06/02/2020

<h2>Output:</h2>
*** Using Compiler 'V5.06 update 5 (build 528)', folder: 'e:\Keil_v5\ARM\ARMCC\Bin'
Build target 'selenoid_test'
compiling main.c...
../Inc/keyPad.h(11): warning:  #1295-D: Deprecated declaration keypad_scan - give arg types
  unsigned char keypad_scan();						// READING THE PRESSED KEYPAD BUTTON
../Inc/lm016.h(48): warning:  #1-D: last line of file ends without a newline
  #endif
../Src/main.c(153): warning:  #188-D: enumerated type mixed with another type
  			HAL_GPIO_WritePin(
PIOD, 
PIO_PIN_14, 1); 					// TURNING ON AN LED FOR ALARM
../Src/main.c(186): warning:  #188-D: enumerated type mixed with another type
  				HAL_GPIO_WritePin(
PIOB, 
PIO_PIN_6, 1);					// OPENING THE VALVE
../Src/main.c(196): warning:  #188-D: enumerated type mixed with another type
  				HAL_GPIO_WritePin(
PIOB, 
PIO_PIN_6, 1);					// OPENING THE VALVE	
../Src/main.c(206): warning:  #188-D: enumerated type mixed with another type
  				HAL_GPIO_WritePin(
PIOB, 
PIO_PIN_6, 1);					// OPENING THE VALVE						
../Src/main.c(210): warning:  #188-D: enumerated type mixed with another type
  			HAL_GPIO_WritePin(
PIOB, 
PIO_PIN_6, 0);																	
../Src/main.c(213): warning:  #188-D: enumerated type mixed with another type
  			HAL_GPIO_WritePin(
PIOD, 
PIO_PIN_14, 0);																	
../Src/main.c(77): warning:  #550-D: variable "led"  was set but never used
  keypad_struct led;
../Src/main.c: 9 warnings, 0 errors
linking...
Program Size: Code=4392 RO-data=440 RW-data=28 ZI-data=1028  
FromELF: creating hex file...
"selenoid_test\selenoid_test.axf" - 0 Error(s), 9 Warning(s).

<h2>Software Packages used:</h2>

Package Vendor: ARM
                http://www.keil.com/pack/ARM.CMSIS.5.7.0.pack
                ARM.CMSIS.5.7.0
                CMSIS (Cortex Microcontroller Software Interface Standard)
   * Component: CORE Version: 5.4.0

Package Vendor: Keil
                http://www.keil.com/pack/Keil.STM32F4xx_DFP.2.14.0.pack
                Keil.STM32F4xx_DFP.2.14.0
                STMicroelectronics STM32F4 Series Device Support, Drivers and Examples

<h2>Collection of Component include folders:</h2>
  .\RTE\_selenoid_test
  e:\Keil_v5\ARM\PACK\ARM\CMSIS\5.7.0\CMSIS\Core\Include
  e:\Keil_v5\ARM\PACK\Keil\STM32F4xx_DFP\2.14.0\Drivers\CMSIS\Device\ST\STM32F4xx\Include

<h2>Collection of Component Files used:</h2>

   * Component: ARM::CMSIS:CORE:5.4.0
Build Time Elapsed:  00:00:05
</pre>
</body>
</html>
